INFO:Timing:3284 - This timing report was generated using estimated delay 
   information.  For accurate numbers, please refer to the post Place and Route 
   timing report.
Number of Timing Constraints that were not applied: 4

Asterisk (*) preceding a constraint indicates it was not met.
   This may be due to a setup or hold violation.

------------------------------------------------------------------------------------------------------
  Constraint                                |  Check  | Worst Case |  Best Case | Timing |   Timing   
                                            |         |    Slack   | Achievable | Errors |    Score   
------------------------------------------------------------------------------------------------------
* NET "$1I135/RAWSCLK" PERIOD = 75 ns HIGH  | SETUP   |    67.084ns|     7.916ns|       0|           0
  50%                                       | HOLD    |    -2.796ns|            |      20|       49666
------------------------------------------------------------------------------------------------------
* NET "$1I135/$7I1330/$1I3366/OUT0" MAXDELA | MAXDELAY|    -0.003ns|     2.503ns|       1|           3
  Y = 2.5 ns                                |         |            |            |        |            
------------------------------------------------------------------------------------------------------
* NET "$1I135/$7I1330/$1I3366/OUT1" MAXDELA | MAXDELAY|    -0.003ns|     2.503ns|       1|           3
  Y = 2.5 ns                                |         |            |            |        |            
------------------------------------------------------------------------------------------------------
* NET "$1I135/$7I1330/$1I3366/OUT3" MAXDELA | MAXDELAY|    -0.003ns|     2.503ns|       1|           3
  Y = 2.5 ns                                |         |            |            |        |            
------------------------------------------------------------------------------------------------------
  NET "$1I135/$1I3030/CECNT1" MAXDELAY = 0. | MAXDELAY|     0.015ns|     0.585ns|       0|           0
  6 ns                                      |         |            |            |        |            
------------------------------------------------------------------------------------------------------
  NET "$1I135/$1I3030/CECNT3" MAXDELAY = 0. | MAXDELAY|     0.017ns|     0.583ns|       0|           0
  6 ns                                      |         |            |            |        |            
------------------------------------------------------------------------------------------------------
  NET "$1I135/$1I3030/CECNT2" MAXDELAY = 0. | MAXDELAY|     0.019ns|     0.581ns|       0|           0
  6 ns                                      |         |            |            |        |            
------------------------------------------------------------------------------------------------------
  NET "$1I135/$1I3030/CECNT0" MAXDELAY = 0. | MAXDELAY|     0.029ns|     0.571ns|       0|           0
  6 ns                                      |         |            |            |        |            
------------------------------------------------------------------------------------------------------
  NET "$1I135/$7I1330/$1I3366/OEHDRT" MAXDE | MAXDELAY|     0.031ns|     1.369ns|       0|           0
  LAY = 1.4 ns                              |         |            |            |        |            
------------------------------------------------------------------------------------------------------
  NET "$1I135/$7I1330/GBE_RST" MAXDELAY = 2 | MAXDELAY|     0.033ns|     1.967ns|       0|           0
   ns                                       |         |            |            |        |            
------------------------------------------------------------------------------------------------------
  NET "$1I135/$1I3030/FOE_REN0" MAXDELAY =  | MAXDELAY|     0.040ns|     1.760ns|       0|           0
  1.8 ns                                    |         |            |            |        |            
------------------------------------------------------------------------------------------------------
  NET "$1I135/$7I1330/$1I3366/OESYNC" MAXDE | MAXDELAY|     0.042ns|     1.458ns|       0|           0
  LAY = 1.5 ns                              |         |            |            |        |            
------------------------------------------------------------------------------------------------------
  NET "$1I135/$7I1330/$1I3366/OUT7" MAXDELA | MAXDELAY|     0.042ns|     2.458ns|       0|           0
  Y = 2.5 ns                                |         |            |            |        |            
------------------------------------------------------------------------------------------------------
  NET "$1I135/$7I1330/$1I3366/OUT2" MAXDELA | MAXDELAY|     0.059ns|     2.441ns|       0|           0
  Y = 2.5 ns                                |         |            |            |        |            
------------------------------------------------------------------------------------------------------
  NET "$1I135/$7I1330/$1I3366/OUT6" MAXDELA | MAXDELAY|     0.059ns|     2.441ns|       0|           0
  Y = 2.5 ns                                |         |            |            |        |            
------------------------------------------------------------------------------------------------------
  NET "$1I135/$7I1330/$1I3366/OUT4" MAXDELA | MAXDELAY|     0.059ns|     2.441ns|       0|           0
  Y = 2.5 ns                                |         |            |            |        |            
------------------------------------------------------------------------------------------------------
  NET "$1I135/$6I2013/TOUT7" MAXDELAY = 1.9 | MAXDELAY|     0.081ns|     1.819ns|       0|           0
   ns                                       |         |            |            |        |            
------------------------------------------------------------------------------------------------------
  NET "$1I135/$6I2013/TOUT24" MAXDELAY = 1. | MAXDELAY|     0.084ns|     1.816ns|       0|           0
  9 ns                                      |         |            |            |        |            
------------------------------------------------------------------------------------------------------
  NET "$1I135/$6I2013/TOUT15" MAXDELAY = 1. | MAXDELAY|     0.085ns|     1.815ns|       0|           0
  9 ns                                      |         |            |            |        |            
------------------------------------------------------------------------------------------------------
  NET "$1I135/$1I3030/~LREN0" MAXDELAY = 1. | MAXDELAY|     0.085ns|     1.715ns|       0|           0
  8 ns                                      |         |            |            |        |            
------------------------------------------------------------------------------------------------------
  NET "$1I135/$6I2013/TOUT19" MAXDELAY = 1. | MAXDELAY|     0.095ns|     1.805ns|       0|           0
  9 ns                                      |         |            |            |        |            
------------------------------------------------------------------------------------------------------
  NET "$1I135/$1I3030/~LREN1" MAXDELAY = 1. | MAXDELAY|     0.098ns|     1.702ns|       0|           0
  8 ns                                      |         |            |            |        |            
------------------------------------------------------------------------------------------------------
  NET "$1I135/$6I2013/TOUT27" MAXDELAY = 1. | MAXDELAY|     0.099ns|     1.801ns|       0|           0
  9 ns                                      |         |            |            |        |            
------------------------------------------------------------------------------------------------------
  NET "$1I135/$6I2013/TOUT21" MAXDELAY = 1. | MAXDELAY|     0.102ns|     1.798ns|       0|           0
  9 ns                                      |         |            |            |        |            
------------------------------------------------------------------------------------------------------
  NET "$1I135/$7I1330/$1I3366/OUT5" MAXDELA | MAXDELAY|     0.110ns|     2.390ns|       0|           0
  Y = 2.5 ns                                |         |            |            |        |            
------------------------------------------------------------------------------------------------------
  NET "$1I135/$6I2013/TOUT25" MAXDELAY = 1. | MAXDELAY|     0.127ns|     1.773ns|       0|           0
  9 ns                                      |         |            |            |        |            
------------------------------------------------------------------------------------------------------
  NET "$1I135/$1I3030/FOE_REN1" MAXDELAY =  | MAXDELAY|     0.156ns|     1.644ns|       0|           0
  1.8 ns                                    |         |            |            |        |            
------------------------------------------------------------------------------------------------------
  NET "$1I135/$6I2037/TOUT19" MAXDELAY = 1. | MAXDELAY|     0.159ns|     1.741ns|       0|           0
  9 ns                                      |         |            |            |        |            
------------------------------------------------------------------------------------------------------
  NET "$1I135/$6I2037/TOUT16" MAXDELAY = 1. | MAXDELAY|     0.170ns|     1.730ns|       0|           0
  9 ns                                      |         |            |            |        |            
------------------------------------------------------------------------------------------------------
  NET "$1I135/$6I2037/TOUT26" MAXDELAY = 1. | MAXDELAY|     0.174ns|     1.726ns|       0|           0
  9 ns                                      |         |            |            |        |            
------------------------------------------------------------------------------------------------------
  PERIOD analysis for net "$1I135/CK_125" d | SETUP   |     0.179ns|     6.721ns|       0|           0
  erived from  NET "$1I135/CK625" PERIOD =  | HOLD    |     0.612ns|            |       0|           0
  13.8 ns HIGH 50%                          |         |            |            |        |            
------------------------------------------------------------------------------------------------------
  PERIOD analysis for net "$1I135/GCK78" de | SETUP   |     0.207ns|    11.393ns|       0|           0
  rived from  NET "$1I135/CKFB" PERIOD = 11 | HOLD    |     0.446ns|            |       0|           0
  .6 ns HIGH 50%                            |         |            |            |        |            
------------------------------------------------------------------------------------------------------
  NET "$1I135/$6I2037/TOUT24" MAXDELAY = 1. | MAXDELAY|     0.214ns|     1.686ns|       0|           0
  9 ns                                      |         |            |            |        |            
------------------------------------------------------------------------------------------------------
  NET "$1I135/$7I1330/$1I3366/KSET" MAXDELA | MAXDELAY|     0.253ns|     1.947ns|       0|           0
  Y = 2.2 ns                                |         |            |            |        |            
------------------------------------------------------------------------------------------------------
  NET "$1I135/$6I2037/TOUT31" MAXDELAY = 1. | MAXDELAY|     0.260ns|     1.640ns|       0|           0
  9 ns                                      |         |            |            |        |            
------------------------------------------------------------------------------------------------------
  TS_MTtoF = MAXDELAY FROM TIMEGRP "INMT" T | SETUP   |     0.266ns|     2.934ns|       0|           0
  O TIMEGRP "FWCREG" 3.2 ns                 |         |            |            |        |            
------------------------------------------------------------------------------------------------------
  NET "$1I135/$6I2037/TOUT20" MAXDELAY = 1. | MAXDELAY|     0.268ns|     1.632ns|       0|           0
  9 ns                                      |         |            |            |        |            
------------------------------------------------------------------------------------------------------
  NET "$1I135/$6I2037/TOUT27" MAXDELAY = 1. | MAXDELAY|     0.270ns|     1.630ns|       0|           0
  9 ns                                      |         |            |            |        |            
------------------------------------------------------------------------------------------------------
  NET "$1I135/$6I2013/TOUT20" MAXDELAY = 1. | MAXDELAY|     0.274ns|     1.626ns|       0|           0
  9 ns                                      |         |            |            |        |            
------------------------------------------------------------------------------------------------------
  NET "$1I135/$6I2037/TOUT25" MAXDELAY = 1. | MAXDELAY|     0.278ns|     1.622ns|       0|           0
  9 ns                                      |         |            |            |        |            
------------------------------------------------------------------------------------------------------
  NET "$1I135/$6I2037/TOUT17" MAXDELAY = 1. | MAXDELAY|     0.279ns|     1.621ns|       0|           0
  9 ns                                      |         |            |            |        |            
------------------------------------------------------------------------------------------------------
  NET "$1I135/$6I2037/TOUT0" MAXDELAY = 1.9 | MAXDELAY|     0.280ns|     1.620ns|       0|           0
   ns                                       |         |            |            |        |            
------------------------------------------------------------------------------------------------------
  NET "$1I135/$6I2037/TOUT18" MAXDELAY = 1. | MAXDELAY|     0.281ns|     1.619ns|       0|           0
  9 ns                                      |         |            |            |        |            
------------------------------------------------------------------------------------------------------
  TS_FtoS = MAXDELAY FROM TIMEGRP "FCLK" TO | SETUP   |     0.288ns|     5.712ns|       0|           0
   TIMEGRP "CLK0" 6 ns                      |         |            |            |        |            
------------------------------------------------------------------------------------------------------
  NET "$1I135/$6I2037/TOUT30" MAXDELAY = 1. | MAXDELAY|     0.291ns|     1.609ns|       0|           0
  9 ns                                      |         |            |            |        |            
------------------------------------------------------------------------------------------------------
  NET "$1I135/$6I2037/TOUT21" MAXDELAY = 1. | MAXDELAY|     0.293ns|     1.607ns|       0|           0
  9 ns                                      |         |            |            |        |            
------------------------------------------------------------------------------------------------------
  NET "$1I135/$6I2037/TOUT3" MAXDELAY = 1.9 | MAXDELAY|     0.295ns|     1.605ns|       0|           0
   ns                                       |         |            |            |        |            
------------------------------------------------------------------------------------------------------
  NET "$1I135/$6I2037/TOUT33" MAXDELAY = 1. | MAXDELAY|     0.298ns|     1.602ns|       0|           0
  9 ns                                      |         |            |            |        |            
------------------------------------------------------------------------------------------------------
  NET "$1I135/$7I1330/$1I3366/OEIDLE" MAXDE | MAXDELAY|     0.302ns|     1.198ns|       0|           0
  LAY = 1.5 ns                              |         |            |            |        |            
------------------------------------------------------------------------------------------------------
  NET "$1I135/$6I2037/TOUT23" MAXDELAY = 1. | MAXDELAY|     0.313ns|     1.587ns|       0|           0
  9 ns                                      |         |            |            |        |            
------------------------------------------------------------------------------------------------------
  NET "$1I135/$6I2037/TOUT35" MAXDELAY = 1. | MAXDELAY|     0.313ns|     1.587ns|       0|           0
  9 ns                                      |         |            |            |        |            
------------------------------------------------------------------------------------------------------
  NET "$1I135/$6I2037/TOUT22" MAXDELAY = 1. | MAXDELAY|     0.313ns|     1.587ns|       0|           0
  9 ns                                      |         |            |            |        |            
------------------------------------------------------------------------------------------------------
  NET "$1I135/$6I2037/TOUT2" MAXDELAY = 1.9 | MAXDELAY|     0.314ns|     1.586ns|       0|           0
   ns                                       |         |            |            |        |            
------------------------------------------------------------------------------------------------------
  NET "$1I135/$6I2037/TOUT28" MAXDELAY = 1. | MAXDELAY|     0.318ns|     1.582ns|       0|           0
  9 ns                                      |         |            |            |        |            
------------------------------------------------------------------------------------------------------
  NET "$1I135/$6I2037/TOUT29" MAXDELAY = 1. | MAXDELAY|     0.318ns|     1.582ns|       0|           0
  9 ns                                      |         |            |            |        |            
------------------------------------------------------------------------------------------------------
  NET "$1I135/$6I2037/TOUT9" MAXDELAY = 1.9 | MAXDELAY|     0.321ns|     1.579ns|       0|           0
   ns                                       |         |            |            |        |            
------------------------------------------------------------------------------------------------------
  NET "$1I135/$6I2037/TOUT1" MAXDELAY = 1.9 | MAXDELAY|     0.323ns|     1.577ns|       0|           0
   ns                                       |         |            |            |        |            
------------------------------------------------------------------------------------------------------
  NET "$1I135/$6I2037/TOUT14" MAXDELAY = 1. | MAXDELAY|     0.335ns|     1.565ns|       0|           0
  9 ns                                      |         |            |            |        |            
------------------------------------------------------------------------------------------------------
  NET "$1I135/$1I3030/FOE_REN3" MAXDELAY =  | MAXDELAY|     0.354ns|     1.446ns|       0|           0
  1.8 ns                                    |         |            |            |        |            
------------------------------------------------------------------------------------------------------
  NET "$1I135/$6I2013/TOUT3" MAXDELAY = 1.9 | MAXDELAY|     0.383ns|     1.517ns|       0|           0
   ns                                       |         |            |            |        |            
------------------------------------------------------------------------------------------------------
  NET "$1I135/$6I2013/TOUT11" MAXDELAY = 1. | MAXDELAY|     0.383ns|     1.517ns|       0|           0
  9 ns                                      |         |            |            |        |            
------------------------------------------------------------------------------------------------------
  NET "$1I135/$1I3030/FOE_REN2" MAXDELAY =  | MAXDELAY|     0.384ns|     1.416ns|       0|           0
  1.8 ns                                    |         |            |            |        |            
------------------------------------------------------------------------------------------------------
  NET "$1I135/$6I2013/TOUT10" MAXDELAY = 1. | MAXDELAY|     0.389ns|     1.511ns|       0|           0
  9 ns                                      |         |            |            |        |            
------------------------------------------------------------------------------------------------------
  NET "$1I135/$6I2013/TOUT17" MAXDELAY = 1. | MAXDELAY|     0.417ns|     1.483ns|       0|           0
  9 ns                                      |         |            |            |        |            
------------------------------------------------------------------------------------------------------
  NET "$1I135/$6I2013/TOUT1" MAXDELAY = 1.9 | MAXDELAY|     0.431ns|     1.469ns|       0|           0
   ns                                       |         |            |            |        |            
------------------------------------------------------------------------------------------------------
  NET "$1I135/$6I2013/TOUT5" MAXDELAY = 1.9 | MAXDELAY|     0.441ns|     1.459ns|       0|           0
   ns                                       |         |            |            |        |            
------------------------------------------------------------------------------------------------------
  NET "$1I135/$6I2013/TOUT9" MAXDELAY = 1.9 | MAXDELAY|     0.449ns|     1.451ns|       0|           0
   ns                                       |         |            |            |        |            
------------------------------------------------------------------------------------------------------
  NET "$1I135/$6I2013/TOUT2" MAXDELAY = 1.9 | MAXDELAY|     0.456ns|     1.444ns|       0|           0
   ns                                       |         |            |            |        |            
------------------------------------------------------------------------------------------------------
  NET "$1I135/$6I2013/TOUT13" MAXDELAY = 1. | MAXDELAY|     0.462ns|     1.438ns|       0|           0
  9 ns                                      |         |            |            |        |            
------------------------------------------------------------------------------------------------------
  NET "$1I135/$6I2013/TOUT12" MAXDELAY = 1. | MAXDELAY|     0.463ns|     1.437ns|       0|           0
  9 ns                                      |         |            |            |        |            
------------------------------------------------------------------------------------------------------
  NET "$1I135/$6I2037/TOUT32" MAXDELAY = 1. | MAXDELAY|     0.490ns|     1.410ns|       0|           0
  9 ns                                      |         |            |            |        |            
------------------------------------------------------------------------------------------------------
  NET "$1I135/$6I2013/TOUT4" MAXDELAY = 1.9 | MAXDELAY|     0.493ns|     1.407ns|       0|           0
   ns                                       |         |            |            |        |            
------------------------------------------------------------------------------------------------------
  NET "$1I135/$6I2013/TOUT29" MAXDELAY = 1. | MAXDELAY|     0.498ns|     1.402ns|       0|           0
  9 ns                                      |         |            |            |        |            
------------------------------------------------------------------------------------------------------
  NET "$1I135/$6I2013/TOUT8" MAXDELAY = 1.9 | MAXDELAY|     0.500ns|     1.400ns|       0|           0
   ns                                       |         |            |            |        |            
------------------------------------------------------------------------------------------------------
  NET "$1I135/$6I2013/TOUT22" MAXDELAY = 1. | MAXDELAY|     0.502ns|     1.398ns|       0|           0
  9 ns                                      |         |            |            |        |            
------------------------------------------------------------------------------------------------------
  NET "$1I135/$6I2013/TOUT16" MAXDELAY = 1. | MAXDELAY|     0.510ns|     1.390ns|       0|           0
  9 ns                                      |         |            |            |        |            
------------------------------------------------------------------------------------------------------
  NET "$1I135/$6I2013/TOUT28" MAXDELAY = 1. | MAXDELAY|     0.515ns|     1.385ns|       0|           0
  9 ns                                      |         |            |            |        |            
------------------------------------------------------------------------------------------------------
  NET "$1I135/$1I3030/~LREN3" MAXDELAY = 1. | MAXDELAY|     0.515ns|     1.285ns|       0|           0
  8 ns                                      |         |            |            |        |            
------------------------------------------------------------------------------------------------------
  NET "$1I135/$6I2013/TOUT18" MAXDELAY = 1. | MAXDELAY|     0.517ns|     1.383ns|       0|           0
  9 ns                                      |         |            |            |        |            
------------------------------------------------------------------------------------------------------
  NET "$1I135/$6I2013/TOUT23" MAXDELAY = 1. | MAXDELAY|     0.520ns|     1.380ns|       0|           0
  9 ns                                      |         |            |            |        |            
------------------------------------------------------------------------------------------------------
  NET "$1I135/$6I2013/TOUT6" MAXDELAY = 1.9 | MAXDELAY|     0.520ns|     1.380ns|       0|           0
   ns                                       |         |            |            |        |            
------------------------------------------------------------------------------------------------------
  NET "$1I135/$6I2013/TOUT14" MAXDELAY = 1. | MAXDELAY|     0.520ns|     1.380ns|       0|           0
  9 ns                                      |         |            |            |        |            
------------------------------------------------------------------------------------------------------
  NET "$1I135/$6I2013/TOUT26" MAXDELAY = 1. | MAXDELAY|     0.521ns|     1.379ns|       0|           0
  9 ns                                      |         |            |            |        |            
------------------------------------------------------------------------------------------------------
  NET "$1I135/$6I2013/TOUT31" MAXDELAY = 1. | MAXDELAY|     0.526ns|     1.374ns|       0|           0
  9 ns                                      |         |            |            |        |            
------------------------------------------------------------------------------------------------------
  NET "$1I135/$6I2013/TOUT30" MAXDELAY = 1. | MAXDELAY|     0.526ns|     1.374ns|       0|           0
  9 ns                                      |         |            |            |        |            
------------------------------------------------------------------------------------------------------
  NET "$1I135/$6I2037/TOUT8" MAXDELAY = 1.9 | MAXDELAY|     0.526ns|     1.374ns|       0|           0
   ns                                       |         |            |            |        |            
------------------------------------------------------------------------------------------------------
  NET "$1I135/$6I2037/TOUT15" MAXDELAY = 1. | MAXDELAY|     0.526ns|     1.374ns|       0|           0
  9 ns                                      |         |            |            |        |            
------------------------------------------------------------------------------------------------------
  NET "$1I135/$6I2013/TOUT33" MAXDELAY = 1. | MAXDELAY|     0.541ns|     1.359ns|       0|           0
  9 ns                                      |         |            |            |        |            
------------------------------------------------------------------------------------------------------
  NET "$1I135/$6I2013/TOUT34" MAXDELAY = 1. | MAXDELAY|     0.542ns|     1.358ns|       0|           0
  9 ns                                      |         |            |            |        |            
------------------------------------------------------------------------------------------------------
  NET "$1I135/$6I2013/TOUT0" MAXDELAY = 1.9 | MAXDELAY|     0.546ns|     1.354ns|       0|           0
   ns                                       |         |            |            |        |            
------------------------------------------------------------------------------------------------------
  NET "$1I135/$1I3030/~LREN2" MAXDELAY = 1. | MAXDELAY|     0.551ns|     1.249ns|       0|           0
  8 ns                                      |         |            |            |        |            
------------------------------------------------------------------------------------------------------
  NET "$1I135/$7I1330/SRST" MAXDELAY = 2.3  | MAXDELAY|     0.581ns|     1.719ns|       0|           0
  ns                                        |         |            |            |        |            
------------------------------------------------------------------------------------------------------
  NET "$1I135/$1I3030/NEXT_FIFO" MAXDELAY = | MAXDELAY|     0.596ns|     0.904ns|       0|           0
   1.5 ns                                   |         |            |            |        |            
------------------------------------------------------------------------------------------------------
  PERIOD analysis for net "$1I135/GCK156" d | SETUP   |     0.626ns|     5.174ns|       0|           0
  erived from  NET "$1I135/CKFB" PERIOD = 1 | HOLD    |     0.627ns|            |       0|           0
  1.6 ns HIGH 50%                           |         |            |            |        |            
------------------------------------------------------------------------------------------------------
  TIMEGRP "FREN" OFFSET = OUT 3.9 ns AFTER  | MAXDELAY|     0.693ns|     3.207ns|       0|           0
  COMP "$1I135/CKFB_IN"                     |         |            |            |        |            
------------------------------------------------------------------------------------------------------
  NET "$1I135/$6I2037/TOUT4" MAXDELAY = 1.9 | MAXDELAY|     0.715ns|     1.185ns|       0|           0
   ns                                       |         |            |            |        |            
------------------------------------------------------------------------------------------------------
  NET "$1I135/$6I2037/TOUT5" MAXDELAY = 1.9 | MAXDELAY|     0.718ns|     1.182ns|       0|           0
   ns                                       |         |            |            |        |            
------------------------------------------------------------------------------------------------------
  NET "$1I135/$6I2037/TOUT13" MAXDELAY = 1. | MAXDELAY|     0.718ns|     1.182ns|       0|           0
  9 ns                                      |         |            |            |        |            
------------------------------------------------------------------------------------------------------
  NET "$1I135/$6I2037/TOUT12" MAXDELAY = 1. | MAXDELAY|     0.718ns|     1.182ns|       0|           0
  9 ns                                      |         |            |            |        |            
------------------------------------------------------------------------------------------------------
  NET "$1I135/$6I2013/TOUT32" MAXDELAY = 1. | MAXDELAY|     0.722ns|     1.178ns|       0|           0
  9 ns                                      |         |            |            |        |            
------------------------------------------------------------------------------------------------------
  NET "$1I135/$6I2037/TOUT7" MAXDELAY = 1.9 | MAXDELAY|     0.733ns|     1.167ns|       0|           0
   ns                                       |         |            |            |        |            
------------------------------------------------------------------------------------------------------
  NET "$1I135/$6I2037/TOUT10" MAXDELAY = 1. | MAXDELAY|     0.733ns|     1.167ns|       0|           0
  9 ns                                      |         |            |            |        |            
------------------------------------------------------------------------------------------------------
  NET "$1I135/$6I2037/TOUT6" MAXDELAY = 1.9 | MAXDELAY|     0.759ns|     1.141ns|       0|           0
   ns                                       |         |            |            |        |            
------------------------------------------------------------------------------------------------------
  NET "$1I135/$6I2037/TOUT11" MAXDELAY = 1. | MAXDELAY|     0.759ns|     1.141ns|       0|           0
  9 ns                                      |         |            |            |        |            
------------------------------------------------------------------------------------------------------
  TS_QtoS = MAXDELAY FROM TIMEGRP "FDAT" TO | SETUP   |     0.856ns|     5.144ns|       0|           0
   TIMEGRP "CLK0" 6 ns                      |         |            |            |        |            
------------------------------------------------------------------------------------------------------
  NET "$1I135/$1I3030/F3WC13" MAXDELAY = 2. | MAXDELAY|     0.926ns|     1.374ns|       0|           0
  3 ns                                      |         |            |            |        |            
------------------------------------------------------------------------------------------------------
  NET "$1I135/$6I2037/TOUT34" MAXDELAY = 1. | MAXDELAY|     0.981ns|     0.919ns|       0|           0
  9 ns                                      |         |            |            |        |            
------------------------------------------------------------------------------------------------------
  NET "$1I135/$6I2013/TOUT35" MAXDELAY = 1. | MAXDELAY|     0.981ns|     0.919ns|       0|           0
  9 ns                                      |         |            |            |        |            
------------------------------------------------------------------------------------------------------
  NET "$1I135/$1I3030/F1WC13" MAXDELAY = 2. | MAXDELAY|     1.115ns|     1.185ns|       0|           0
  3 ns                                      |         |            |            |        |            
------------------------------------------------------------------------------------------------------
  NET "$1I135/~RENOE-0" MAXDELAY = 1.9 ns   | MAXDELAY|     1.127ns|     0.773ns|       0|           0
------------------------------------------------------------------------------------------------------
  NET "$1I135/$1I3030/F2WC1" MAXDELAY = 2.3 | MAXDELAY|     1.128ns|     1.172ns|       0|           0
   ns                                       |         |            |            |        |            
------------------------------------------------------------------------------------------------------
  NET "$1I135/$1I3030/F2WC10" MAXDELAY = 2. | MAXDELAY|     1.134ns|     1.166ns|       0|           0
  3 ns                                      |         |            |            |        |            
------------------------------------------------------------------------------------------------------
  NET "$1I135/$1I3030/F0WC4" MAXDELAY = 2.3 | MAXDELAY|     1.143ns|     1.157ns|       0|           0
   ns                                       |         |            |            |        |            
------------------------------------------------------------------------------------------------------
  NET "$1I135/$1I3030/F1WC2" MAXDELAY = 2.3 | MAXDELAY|     1.146ns|     1.154ns|       0|           0
   ns                                       |         |            |            |        |            
------------------------------------------------------------------------------------------------------
  NET "$1I135/$1I3030/F3WC2" MAXDELAY = 2.3 | MAXDELAY|     1.166ns|     1.134ns|       0|           0
   ns                                       |         |            |            |        |            
------------------------------------------------------------------------------------------------------
  NET "$1I135/$1I3030/F0WC1" MAXDELAY = 2.3 | MAXDELAY|     1.170ns|     1.130ns|       0|           0
   ns                                       |         |            |            |        |            
------------------------------------------------------------------------------------------------------
  NET "$1I135/$1I3030/F2WC3" MAXDELAY = 2.3 | MAXDELAY|     1.171ns|     1.129ns|       0|           0
   ns                                       |         |            |            |        |            
------------------------------------------------------------------------------------------------------
  NET "$1I135/$1I3030/F1WC14" MAXDELAY = 2. | MAXDELAY|     1.217ns|     1.083ns|       0|           0
  3 ns                                      |         |            |            |        |            
------------------------------------------------------------------------------------------------------
  NET "$1I135/$1I3030/F3WC6" MAXDELAY = 2.3 | MAXDELAY|     1.222ns|     1.078ns|       0|           0
   ns                                       |         |            |            |        |            
------------------------------------------------------------------------------------------------------
  NET "$1I135/$1I3030/F0WC15" MAXDELAY = 2. | MAXDELAY|     1.227ns|     1.073ns|       0|           0
  3 ns                                      |         |            |            |        |            
------------------------------------------------------------------------------------------------------
  NET "$1I135/$1I3030/F1WC4" MAXDELAY = 2.3 | MAXDELAY|     1.231ns|     1.069ns|       0|           0
   ns                                       |         |            |            |        |            
------------------------------------------------------------------------------------------------------
  NET "$1I135/$1I3030/F1WC12" MAXDELAY = 2. | MAXDELAY|     1.264ns|     1.036ns|       0|           0
  3 ns                                      |         |            |            |        |            
------------------------------------------------------------------------------------------------------
  NET "$1I135/$1I3030/F1WC1" MAXDELAY = 2.3 | MAXDELAY|     1.274ns|     1.026ns|       0|           0
   ns                                       |         |            |            |        |            
------------------------------------------------------------------------------------------------------
  NET "$1I135/$1I3030/F0WC13" MAXDELAY = 2. | MAXDELAY|     1.278ns|     1.022ns|       0|           0
  3 ns                                      |         |            |            |        |            
------------------------------------------------------------------------------------------------------
  NET "$1I135/$1I3030/F2WC6" MAXDELAY = 2.3 | MAXDELAY|     1.286ns|     1.014ns|       0|           0
   ns                                       |         |            |            |        |            
------------------------------------------------------------------------------------------------------
  NET "$1I135/$1I3030/F1WC15" MAXDELAY = 2. | MAXDELAY|     1.294ns|     1.006ns|       0|           0
  3 ns                                      |         |            |            |        |            
------------------------------------------------------------------------------------------------------
  NET "$1I135/$1I3030/F0WC9" MAXDELAY = 2.3 | MAXDELAY|     1.316ns|     0.984ns|       0|           0
   ns                                       |         |            |            |        |            
------------------------------------------------------------------------------------------------------
  NET "$1I135/$1I3030/F2WC4" MAXDELAY = 2.3 | MAXDELAY|     1.342ns|     0.958ns|       0|           0
   ns                                       |         |            |            |        |            
------------------------------------------------------------------------------------------------------
  NET "$1I135/$1I3030/F2WC5" MAXDELAY = 2.3 | MAXDELAY|     1.354ns|     0.946ns|       0|           0
   ns                                       |         |            |            |        |            
------------------------------------------------------------------------------------------------------
  NET "$1I135/$1I3030/F1WC5" MAXDELAY = 2.3 | MAXDELAY|     1.359ns|     0.941ns|       0|           0
   ns                                       |         |            |            |        |            
------------------------------------------------------------------------------------------------------
  NET "$1I135/$1I3030/F3WC8" MAXDELAY = 2.3 | MAXDELAY|     1.371ns|     0.929ns|       0|           0
   ns                                       |         |            |            |        |            
------------------------------------------------------------------------------------------------------
  NET "$1I135/$1I3030/F2WC7" MAXDELAY = 2.3 | MAXDELAY|     1.382ns|     0.918ns|       0|           0
   ns                                       |         |            |            |        |            
------------------------------------------------------------------------------------------------------
  NET "$1I135/$1I3030/F1WC11" MAXDELAY = 2. | MAXDELAY|     1.393ns|     0.907ns|       0|           0
  3 ns                                      |         |            |            |        |            
------------------------------------------------------------------------------------------------------
  NET "$1I135/$1I3030/F2WC15" MAXDELAY = 2. | MAXDELAY|     1.412ns|     0.888ns|       0|           0
  3 ns                                      |         |            |            |        |            
------------------------------------------------------------------------------------------------------
  NET "$1I135/$1I3030/F2WC0" MAXDELAY = 2.3 | MAXDELAY|     1.419ns|     0.881ns|       0|           0
   ns                                       |         |            |            |        |            
------------------------------------------------------------------------------------------------------
  NET "$1I135/$1I3030/F2WC14" MAXDELAY = 2. | MAXDELAY|     1.440ns|     0.860ns|       0|           0
  3 ns                                      |         |            |            |        |            
------------------------------------------------------------------------------------------------------
  NET "$1I135/$1I3030/F3WC15" MAXDELAY = 2. | MAXDELAY|     1.471ns|     0.829ns|       0|           0
  3 ns                                      |         |            |            |        |            
------------------------------------------------------------------------------------------------------
  NET "$1I135/$1I3030/F0WC6" MAXDELAY = 2.3 | MAXDELAY|     1.479ns|     0.821ns|       0|           0
   ns                                       |         |            |            |        |            
------------------------------------------------------------------------------------------------------
  NET "$1I135/$1I3030/F2WC11" MAXDELAY = 2. | MAXDELAY|     1.481ns|     0.819ns|       0|           0
  3 ns                                      |         |            |            |        |            
------------------------------------------------------------------------------------------------------
  NET "$1I135/$1I3030/F2WC8" MAXDELAY = 2.3 | MAXDELAY|     1.485ns|     0.815ns|       0|           0
   ns                                       |         |            |            |        |            
------------------------------------------------------------------------------------------------------
  NET "$1I135/$1I3030/F1WC8" MAXDELAY = 2.3 | MAXDELAY|     1.503ns|     0.797ns|       0|           0
   ns                                       |         |            |            |        |            
------------------------------------------------------------------------------------------------------
  NET "$1I135/$1I3030/F2WC2" MAXDELAY = 2.3 | MAXDELAY|     1.513ns|     0.787ns|       0|           0
   ns                                       |         |            |            |        |            
------------------------------------------------------------------------------------------------------
  NET "$1I135/$1I3030/F1WC7" MAXDELAY = 2.3 | MAXDELAY|     1.525ns|     0.775ns|       0|           0
   ns                                       |         |            |            |        |            
------------------------------------------------------------------------------------------------------
  NET "$1I135/$1I3030/F3WC11" MAXDELAY = 2. | MAXDELAY|     1.550ns|     0.750ns|       0|           0
  3 ns                                      |         |            |            |        |            
------------------------------------------------------------------------------------------------------
  NET "$1I135/$1I3030/F2WC12" MAXDELAY = 2. | MAXDELAY|     1.563ns|     0.737ns|       0|           0
  3 ns                                      |         |            |            |        |            
------------------------------------------------------------------------------------------------------
  NET "$1I135/$1I3030/F3WC1" MAXDELAY = 2.3 | MAXDELAY|     1.581ns|     0.719ns|       0|           0
   ns                                       |         |            |            |        |            
------------------------------------------------------------------------------------------------------
  NET "$1I135/$1I3030/F1WC6" MAXDELAY = 2.3 | MAXDELAY|     1.645ns|     0.655ns|       0|           0
   ns                                       |         |            |            |        |            
------------------------------------------------------------------------------------------------------
  NET "$1I135/$1I3030/F3WC12" MAXDELAY = 2. | MAXDELAY|     1.646ns|     0.654ns|       0|           0
  3 ns                                      |         |            |            |        |            
------------------------------------------------------------------------------------------------------
  NET "$1I135/$1I3030/F3WC14" MAXDELAY = 2. | MAXDELAY|     1.648ns|     0.652ns|       0|           0
  3 ns                                      |         |            |            |        |            
------------------------------------------------------------------------------------------------------
  NET "$1I135/$1I3030/F2WC13" MAXDELAY = 2. | MAXDELAY|     1.651ns|     0.649ns|       0|           0
  3 ns                                      |         |            |            |        |            
------------------------------------------------------------------------------------------------------
  NET "$1I135/$1I3030/F0WC7" MAXDELAY = 2.3 | MAXDELAY|     1.653ns|     0.647ns|       0|           0
   ns                                       |         |            |            |        |            
------------------------------------------------------------------------------------------------------
  NET "$1I135/$1I3030/F0WC14" MAXDELAY = 2. | MAXDELAY|     1.656ns|     0.644ns|       0|           0
  3 ns                                      |         |            |            |        |            
------------------------------------------------------------------------------------------------------
  NET "$1I135/$1I3030/F0WC11" MAXDELAY = 2. | MAXDELAY|     1.656ns|     0.644ns|       0|           0
  3 ns                                      |         |            |            |        |            
------------------------------------------------------------------------------------------------------
  NET "$1I135/$1I3030/F1WC10" MAXDELAY = 2. | MAXDELAY|     1.658ns|     0.642ns|       0|           0
  3 ns                                      |         |            |            |        |            
------------------------------------------------------------------------------------------------------
  NET "$1I135/$1I3030/F2WC9" MAXDELAY = 2.3 | MAXDELAY|     1.665ns|     0.635ns|       0|           0
   ns                                       |         |            |            |        |            
------------------------------------------------------------------------------------------------------
  NET "$1I135/$1I3030/F1WC9" MAXDELAY = 2.3 | MAXDELAY|     1.665ns|     0.635ns|       0|           0
   ns                                       |         |            |            |        |            
------------------------------------------------------------------------------------------------------
  NET "$1I135/$1I3030/F0WC12" MAXDELAY = 2. | MAXDELAY|     1.675ns|     0.625ns|       0|           0
  3 ns                                      |         |            |            |        |            
------------------------------------------------------------------------------------------------------
  NET "$1I135/$1I3030/F0WC10" MAXDELAY = 2. | MAXDELAY|     1.675ns|     0.625ns|       0|           0
  3 ns                                      |         |            |            |        |            
------------------------------------------------------------------------------------------------------
  NET "$1I135/$1I3030/F3WC9" MAXDELAY = 2.3 | MAXDELAY|     1.681ns|     0.619ns|       0|           0
   ns                                       |         |            |            |        |            
------------------------------------------------------------------------------------------------------
  NET "$1I135/$1I3030/F0WC2" MAXDELAY = 2.3 | MAXDELAY|     1.713ns|     0.587ns|       0|           0
   ns                                       |         |            |            |        |            
------------------------------------------------------------------------------------------------------
  NET "$1I135/$1I3030/F3WC3" MAXDELAY = 2.3 | MAXDELAY|     1.804ns|     0.496ns|       0|           0
   ns                                       |         |            |            |        |            
------------------------------------------------------------------------------------------------------
  NET "$1I135/$1I3030/F3WC0" MAXDELAY = 2.3 | MAXDELAY|     1.811ns|     0.489ns|       0|           0
   ns                                       |         |            |            |        |            
------------------------------------------------------------------------------------------------------
  NET "$1I135/$1I3030/F0WC0" MAXDELAY = 2.3 | MAXDELAY|     1.823ns|     0.477ns|       0|           0
   ns                                       |         |            |            |        |            
------------------------------------------------------------------------------------------------------
  NET "$1I135/$1I3030/F3WC7" MAXDELAY = 2.3 | MAXDELAY|     1.842ns|     0.458ns|       0|           0
   ns                                       |         |            |            |        |            
------------------------------------------------------------------------------------------------------
  NET "$1I135/$1I3030/F3WC10" MAXDELAY = 2. | MAXDELAY|     1.859ns|     0.441ns|       0|           0
  3 ns                                      |         |            |            |        |            
------------------------------------------------------------------------------------------------------
  NET "$1I135/$1I3030/F0WC3" MAXDELAY = 2.3 | MAXDELAY|     1.865ns|     0.435ns|       0|           0
   ns                                       |         |            |            |        |            
------------------------------------------------------------------------------------------------------
  NET "$1I135/$1I3030/F3WC4" MAXDELAY = 2.3 | MAXDELAY|     1.880ns|     0.420ns|       0|           0
   ns                                       |         |            |            |        |            
------------------------------------------------------------------------------------------------------
  NET "$1I135/$1I3030/F1WC3" MAXDELAY = 2.3 | MAXDELAY|     1.887ns|     0.413ns|       0|           0
   ns                                       |         |            |            |        |            
------------------------------------------------------------------------------------------------------
  NET "$1I135/$1I3030/F1WC0" MAXDELAY = 2.3 | MAXDELAY|     1.900ns|     0.400ns|       0|           0
   ns                                       |         |            |            |        |            
------------------------------------------------------------------------------------------------------
  NET "$1I135/$1I3030/F0WC8" MAXDELAY = 2.3 | MAXDELAY|     1.901ns|     0.399ns|       0|           0
   ns                                       |         |            |            |        |            
------------------------------------------------------------------------------------------------------
  NET "$1I135/$1I3030/F3WC5" MAXDELAY = 2.3 | MAXDELAY|     1.918ns|     0.382ns|       0|           0
   ns                                       |         |            |            |        |            
------------------------------------------------------------------------------------------------------
  NET "$1I135/$1I3030/F0WC5" MAXDELAY = 2.3 | MAXDELAY|     1.922ns|     0.378ns|       0|           0
   ns                                       |         |            |            |        |            
------------------------------------------------------------------------------------------------------
  TIMEGRP "FOE" OFFSET = OUT 4.9 ns AFTER C | MAXDELAY|     2.019ns|     2.881ns|       0|           0
  OMP "$1I135/CKFB_IN"                      |         |            |            |        |            
------------------------------------------------------------------------------------------------------
  PERIOD analysis for net "$1I135/CK_REF" d | SETUP   |     2.026ns|     4.874ns|       0|           0
  erived from  NET "$1I135/CK625" PERIOD =  | HOLD    |     0.586ns|            |       0|           0
  13.8 ns HIGH 50%                          |         |            |            |        |            
------------------------------------------------------------------------------------------------------
  NET "$1I135/TX12" MAXDELAY = 5 ns         | MAXDELAY|     2.930ns|     2.070ns|       0|           0
------------------------------------------------------------------------------------------------------
  NET "$1I135/$7I1330/$1I3366/RST-1" MAXDEL | MAXDELAY|     3.000ns|     0.000ns|       0|           0
  AY = 3 ns                                 |         |            |            |        |            
------------------------------------------------------------------------------------------------------
  NET "$1I135/TX16" MAXDELAY = 5 ns         | MAXDELAY|     3.028ns|     1.972ns|       0|           0
------------------------------------------------------------------------------------------------------
  NET "$1I135/TX2" MAXDELAY = 5 ns          | MAXDELAY|     3.134ns|     1.866ns|       0|           0
------------------------------------------------------------------------------------------------------
  NET "$1I135/TX5" MAXDELAY = 5 ns          | MAXDELAY|     3.348ns|     1.652ns|       0|           0
------------------------------------------------------------------------------------------------------
  NET "$1I135/TX7" MAXDELAY = 5 ns          | MAXDELAY|     3.364ns|     1.636ns|       0|           0
------------------------------------------------------------------------------------------------------
  TS_StoF = MAXDELAY FROM TIMEGRP "CLK0" TO | SETUP   |     3.401ns|     2.599ns|       0|           0
   TIMEGRP "FCLK" 6 ns                      |         |            |            |        |            
------------------------------------------------------------------------------------------------------
  NET "$1I135/TX6" MAXDELAY = 5 ns          | MAXDELAY|     3.405ns|     1.595ns|       0|           0
------------------------------------------------------------------------------------------------------
  NET "$1I135/TX0" MAXDELAY = 5 ns          | MAXDELAY|     3.526ns|     1.474ns|       0|           0
------------------------------------------------------------------------------------------------------
  NET "$1I135/TX3" MAXDELAY = 5 ns          | MAXDELAY|     3.548ns|     1.452ns|       0|           0
------------------------------------------------------------------------------------------------------
  NET "$1I135/TX4" MAXDELAY = 5 ns          | MAXDELAY|     3.554ns|     1.446ns|       0|           0
------------------------------------------------------------------------------------------------------
  NET "$1I135/TX1" MAXDELAY = 5 ns          | MAXDELAY|     3.574ns|     1.426ns|       0|           0
------------------------------------------------------------------------------------------------------
  NET "$1I135/TX15" MAXDELAY = 5 ns         | MAXDELAY|     3.589ns|     1.411ns|       0|           0
------------------------------------------------------------------------------------------------------
  NET "$1I135/TX17" MAXDELAY = 5 ns         | MAXDELAY|     3.598ns|     1.402ns|       0|           0
------------------------------------------------------------------------------------------------------
  NET "$1I135/TX14" MAXDELAY = 5 ns         | MAXDELAY|     3.628ns|     1.372ns|       0|           0
------------------------------------------------------------------------------------------------------
  NET "$1I135/TX11" MAXDELAY = 5 ns         | MAXDELAY|     3.634ns|     1.366ns|       0|           0
------------------------------------------------------------------------------------------------------
  NET "$1I135/TX9" MAXDELAY = 5 ns          | MAXDELAY|     3.641ns|     1.359ns|       0|           0
------------------------------------------------------------------------------------------------------
  NET "$1I135/TX8" MAXDELAY = 5 ns          | MAXDELAY|     3.836ns|     1.164ns|       0|           0
------------------------------------------------------------------------------------------------------
  NET "$1I135/TX10" MAXDELAY = 5 ns         | MAXDELAY|     3.843ns|     1.157ns|       0|           0
------------------------------------------------------------------------------------------------------
  NET "$1I135/TX13" MAXDELAY = 5 ns         | MAXDELAY|     3.843ns|     1.157ns|       0|           0
------------------------------------------------------------------------------------------------------
  NET "$1I135/$1I3030/BC_SET" MAXDELAY = 6  | MAXDELAY|     4.775ns|     1.225ns|       0|           0
  ns                                        |         |            |            |        |            
------------------------------------------------------------------------------------------------------
  TS_toDDUFB = MAXDELAY FROM TIMEGRP "CLK0" | SETUP   |     4.905ns|     4.695ns|       0|           0
   TO TIMEGRP "DDUFBREG" 9.6 ns             |         |            |            |        |            
------------------------------------------------------------------------------------------------------
  PERIOD analysis for net "$1I135/CK40" der | SETUP   |     5.178ns|    12.644ns|       0|           0
  ived from  NET "$1I135/CKIN40" PERIOD = 2 | HOLD    |     0.599ns|            |       0|           0
  3 ns HIGH 50%                             |         |            |            |        |            
------------------------------------------------------------------------------------------------------
  NET "$1I135/$1I3030/BC_CLR" MAXDELAY = 6  | MAXDELAY|     5.733ns|     0.267ns|       0|           0
  ns                                        |         |            |            |        |            
------------------------------------------------------------------------------------------------------
  NET "$1I135/$1I3030/DRCK2" PERIOD = 30 ns | SETUP   |    27.521ns|     2.479ns|       0|           0
   HIGH 50%                                 | HOLD    |     0.608ns|            |       0|           0
------------------------------------------------------------------------------------------------------
  NET "$1I135/$1I3030/DRCK1" PERIOD = 30 ns | SETUP   |    28.018ns|     1.982ns|       0|           0
   HIGH 50%                                 | HOLD    |     0.656ns|            |       0|           0
------------------------------------------------------------------------------------------------------
  NET "$1I135/CKIN40" PERIOD = 23 ns HIGH 5 | N/A     |         N/A|         N/A|     N/A|         N/A
  0%                                        |         |            |            |        |            
------------------------------------------------------------------------------------------------------
  NET "$1I135/CKFB" PERIOD = 11.6 ns HIGH 5 | N/A     |         N/A|         N/A|     N/A|         N/A
  0%                                        |         |            |            |        |            
------------------------------------------------------------------------------------------------------
  NET "$1I135/CK625" PERIOD = 13.8 ns HIGH  | N/A     |         N/A|         N/A|     N/A|         N/A
  50%                                       |         |            |            |        |            
------------------------------------------------------------------------------------------------------
  NET "$1I135/FCKIN_N" PERIOD = 5.9 ns HIGH | N/A     |         N/A|         N/A|     N/A|         N/A
   50%                                      |         |            |            |        |            
------------------------------------------------------------------------------------------------------


4 constraints not met.
INFO:Timing:2761 - N/A entries in the Constraints list may indicate that the 
   constraint does not cover any paths or that it has no requested value.


